Microchip MPLAB XC8 Compiler V2.31

Linker command line:

-W-3 --edf=C:\Program Files\Microchip\xc8\v2.31\pic\dat\en_msgs.txt -cn \
  -h+dist/default/production\pic18f47q10-dac-waveform-generation-ccl-9.X.production.sym \
  --cmf=dist/default/production\pic18f47q10-dac-waveform-generation-ccl-9.X.production.cmf \
  -z -Q18F47Q10 -oC:\Users\i15235\AppData\Local\Temp\s9ms.2 \
  --defsym=__MPLAB_BUILD=1 \
  -Mdist/default/production/pic18f47q10-dac-waveform-generation-ccl-9.X.production.map \
  -E1 -ver=XC8 Compiler --acfsm=1493 -ASTACK=060h-0E1Eh -pstack=STACK \
  -ACODE=00h-01FFFFh -ACONST=00h-01FFFFh -ASMALLCONST=0F00h-0FFFhx497 \
  -AMEDIUMCONST=0F00h-0FFFFh,010F00h-01FFFFh -ACOMRAM=01h-05Fh \
  -AABS1=00h-0E1Eh -ABIGRAM=01h-0E1Eh \
  -ARAM=060h-0FFh,0100h-01FFhx13,0E00h-0E1Eh -ABANK0=060h-0FFh \
  -ABANK1=0100h-01FFh -ABANK2=0200h-02FFh -ABANK3=0300h-03FFh \
  -ABANK4=0400h-04FFh -ABANK5=0500h-05FFh -ABANK6=0600h-06FFh \
  -ABANK7=0700h-07FFh -ABANK8=0800h-08FFh -ABANK9=0900h-09FFh \
  -ABANK10=0A00h-0AFFh -ABANK11=0B00h-0BFFh -ABANK12=0C00h-0CFFh \
  -ABANK13=0D00h-0DFFh -ABANK14=0E00h-0E1Eh \
  -ASFR=0E1Fh-0EFFh,0F00h-0F5Fh,0F60h-0FFFh -ACONFIG=0300000h-030000Bh \
  -AIDLOC=0200000h-02000FFh -AEEDATA=0310000h-03103FFh -peeprom_data=EEDATA \
  -preset_vec=00h,intcode=08h,intcodelo,powerup,init -pramtop=0F00h \
  -psmallconst=SMALLCONST -pmediumconst=MEDIUMCONST -pconst=CONST \
  -AFARRAM=00h-00h \
  -prdata=COMRAM,nvrram=COMRAM,nvbit=COMRAM,rbss=COMRAM,rbit=COMRAM \
  -pfarbss=FARRAM,fardata=FARRAM,nvFARRAM=FARRAM \
  -pintsave_regs=BIGRAM,bigbss=BIGRAM,bigdata=BIGRAM -pbss=RAM \
  -pidata=CODE,irdata=CODE,ibigdata=CODE,ifardata=CODE -prparam=COMRAM \
  C:\Users\i15235\AppData\Local\Temp\s9ms.o \
  dist/default/production\pic18f47q10-dac-waveform-generation-ccl-9.X.production.o 

Object code version is 3.11

Machine type is 18F47Q10



                Name                               Link     Load   Length Selector   Space Scale
C:\Users\i15235\AppData\Local\Temp\s9ms.o
                idloc                            200000   200000      100        0       5
                config                           300000   300000        C        0       4
                init                                 4E       4E        4        4       0
                reset_vec                             0        0        4        0       0
dist/default/production\pic18f47q10-dac-waveform-generation-ccl-9.X.production.o
                intcode                               8        8       46        4       0
                idloc                            200000   200000      100        0       5
                config                           300000   300000        C        0       4
                temp                                 26       26        1        1       1
                mediumconst                        FBF8     FBF8      408     7DFC       0
                text17                            10138    10138       48     8000       0
                text16                            10312    10312        2     8000       0
                text15                            101C6    101C6       34     8000       0
                text14                            10290    10290       16     8000       0
                text12                            10270    10270       20     8000       0
                text11                            102FE    102FE        C     8000       0
                text10                            102F0    102F0        E     8000       0
                text9                             102E2    102E2        E     8000       0
                text8                             102D4    102D4        E     8000       0
                text7                             10180    10180       46     8000       0
                text6                             102C6    102C6        E     8000       0
                text5                             10000    10000       BE     8000       0
                text4                             102A6    102A6       12     8000       0
                text3                             1030A    1030A        8     8000       0
                text2                             1024C    1024C       24     8000       0
                text1                             100BE    100BE       7A     8000       0
                text0                             10228    10228       24     8000       0
                cstackCOMRAM                         1D       1D        7        1       1
                dataCOMRAM                            F        F        E        1       1
                bssCOMRAM                            24       24        2        1       1
                cinit                             101FA    101FA       2E     8000       0
                nvCOMRAM                              1        1        E        1       1
                idataCOMRAM                       102B8    102B8        E     8000       0

TOTAL           Name                               Link     Load   Length     Space
        CLASS   STACK          

        CLASS   CODE           
                intcode                               8        8       46         0
                init                                 4E       4E        4         0
                reset_vec                             0        0        4         0
                text17                            10138    10138       48         0
                text16                            10312    10312        2         0
                text15                            101C6    101C6       34         0
                text14                            10290    10290       16         0
                text12                            10270    10270       20         0
                text11                            102FE    102FE        C         0
                text10                            102F0    102F0        E         0
                text9                             102E2    102E2        E         0
                text8                             102D4    102D4        E         0
                text7                             10180    10180       46         0
                text6                             102C6    102C6        E         0
                text5                             10000    10000       BE         0
                text4                             102A6    102A6       12         0
                text3                             1030A    1030A        8         0
                text2                             1024C    1024C       24         0
                text1                             100BE    100BE       7A         0
                text0                             10228    10228       24         0
                cinit                             101FA    101FA       2E         0
                idataCOMRAM                       102B8    102B8        E         0

        CLASS   CONST          

        CLASS   SMALLCONST     

        CLASS   MEDIUMCONST    
                mediumconst                        FBF8     FBF8      408         0

        CLASS   COMRAM         
                temp                                 26       26        1         1
                cstackCOMRAM                         1D       1D        7         1
                dataCOMRAM                            F        F        E         1
                bssCOMRAM                            24       24        2         1
                nvCOMRAM                              1        1        E         1

        CLASS   ABS1           

        CLASS   BIGRAM         

        CLASS   RAM            

        CLASS   BANK0          

        CLASS   BANK1          

        CLASS   BANK2          

        CLASS   BANK3          

        CLASS   BANK4          

        CLASS   BANK5          

        CLASS   BANK6          

        CLASS   BANK7          

        CLASS   BANK8          

        CLASS   BANK9          

        CLASS   BANK10         

        CLASS   BANK11         

        CLASS   BANK12         

        CLASS   BANK13         

        CLASS   BANK14         

        CLASS   SFR            

        CLASS   CONFIG         
                config                           300000   300000        C         4

        CLASS   IDLOC          
                idloc                            200000   200000      100         5

        CLASS   EEDATA         

        CLASS   FARRAM         



SEGMENTS        Name                           Load    Length   Top    Selector   Space  Class

                reset_vec                      000000  000004  000004         0       0  CODE    
                nvCOMRAM                       000001  000026  000027         1       1  COMRAM  
                intcode                        000008  00004A  000052         4       0  CODE    
                mediumconst                    00FBF8  000408  010000      7DFC       0  MEDIUMCO
                text5                          010000  000314  010314      8000       0  CODE    


UNUSED ADDRESS RANGES

        Name                Unused          Largest block    Delta
        BANK0            000060-0000FF               A0
        BANK1            000100-0001FF              100
        BANK10           000A00-000AFF              100
        BANK11           000B00-000BFF              100
        BANK12           000C00-000CFF              100
        BANK13           000D00-000DFF              100
        BANK14           000E00-000E1E               1F
        BANK2            000200-0002FF              100
        BANK3            000300-0003FF              100
        BANK4            000400-0004FF              100
        BANK5            000500-0005FF              100
        BANK6            000600-0006FF              100
        BANK7            000700-0007FF              100
        BANK8            000800-0008FF              100
        BANK9            000900-0009FF              100
        BIGRAM           000027-000E1E              DF8
        CODE             000004-000007                4
                         000052-00FBF7             FBA6
                         010314-01FFFF             FCEC
        COMRAM           000027-00005F               39
        CONST            000004-000007                4
                         000052-00FBF7             FBA6
                         010314-01FFFF             FCEC
        EEDATA           310000-3103FF              400
        MEDIUMCONST      000F00-00FBF7             ECF8
                         010F00-01FFFF             F100
        RAM              000060-000E1E              100
        SFR              000E1F-000FFF               E1
        SMALLCONST       000F00-00FBF7              100
                         010314-01FFFF              100
        STACK            000060-000E1E              DBF

                                  Symbol Table

DAC1_SetOutput@inputData                  cstackCOMRAM 000020
INT0_SetInterruptHandler@InterruptHandler cstackCOMRAM 000020
INT1_SetInterruptHandler@InterruptHandler cstackCOMRAM 000020
INT2_SetInterruptHandler@InterruptHandler cstackCOMRAM 000020
RC2_SetInterruptHandler@InterruptHandler  cstackCOMRAM 000020
WaveGenerator@i                           cstackCOMRAM 000022
WaveSwitch@sw                             cstackCOMRAM 000020
_ANSELA                                   (abs)        000F0C
_ANSELB                                   (abs)        000F14
_ANSELC                                   (abs)        000F1C
_ANSELD                                   (abs)        000F21
_ANSELE                                   (abs)        000F29
_CLOCK_Initialize                         text12       010270
_DAC1CON0                                 (abs)        000F2E
_DAC1CON1                                 (abs)        000F2F
_DAC1_Initialize                          text11       0102FE
_DAC1_SetOutput                           text3        01030A
_INLVLA                                   (abs)        000F08
_INLVLB                                   (abs)        000F10
_INLVLC                                   (abs)        000F18
_INLVLD                                   (abs)        000F1D
_INLVLE                                   (abs)        000F25
_INT0_DefaultInterruptHandler             (abs)        000000
_INT0_InterruptHandler                    nvCOMRAM     000007
_INT0_SetInterruptHandler                 text10       0102F0
_INT1_DefaultInterruptHandler             (abs)        000000
_INT1_InterruptHandler                    nvCOMRAM     000004
_INT1_SetInterruptHandler                 text9        0102E2
_INT2_DefaultInterruptHandler             (abs)        000000
_INT2_InterruptHandler                    nvCOMRAM     000001
_INT2_SetInterruptHandler                 text8        0102D4
_INTCONbits                               (abs)        000FF2
_INTERRUPT_Initialize                     text7        010180
_INTERRUPT_InterruptManager               intcode      000008
_IOCAF                                    (abs)        000F05
_IOCAN                                    (abs)        000F06
_IOCAP                                    (abs)        000F07
_IOCBF                                    (abs)        000F0D
_IOCBN                                    (abs)        000F0E
_IOCBP                                    (abs)        000F0F
_IOCCF                                    (abs)        000F15
_IOCCFbits                                (abs)        000F15
_IOCCN                                    (abs)        000F16
_IOCCP                                    (abs)        000F17
_IOCEF                                    (abs)        000F22
_IOCEN                                    (abs)        000F23
_IOCEP                                    (abs)        000F24
_LATA                                     (abs)        000F82
_LATB                                     (abs)        000F83
_LATC                                     (abs)        000F84
_LATD                                     (abs)        000F85
_LATE                                     (abs)        000F86
_LATEbits                                 (abs)        000F86
_LUT_ptr                                  nvCOMRAM     00000D
_ODCONA                                   (abs)        000F0A
_ODCONB                                   (abs)        000F12
_ODCONC                                   (abs)        000F1A
_ODCOND                                   (abs)        000F1F
_ODCONE                                   (abs)        000F27
_OSCCON1                                  (abs)        000ED3
_OSCCON2                                  (abs)        000ED4
_OSCCON3                                  (abs)        000ED5
_OSCEN                                    (abs)        000ED7
_OSCFRQ                                   (abs)        000ED9
_OSCSTAT                                  (abs)        000ED6
_OSCTUNE                                  (abs)        000ED8
_PIE0bits                                 (abs)        000EBD
_PIN_MANAGER_IOC                          text14       010290
_PIN_MANAGER_Initialize                   text5        010000
_PIR0bits                                 (abs)        000EC5
_RC2_DefaultInterruptHandler              text16       010312
_RC2_ISR                                  text15       0101C6
_RC2_InterruptHandler                     nvCOMRAM     00000A
_RC2_SetInterruptHandler                  text6        0102C6
_SLRCONA                                  (abs)        000F09
_SLRCONB                                  (abs)        000F11
_SLRCONC                                  (abs)        000F19
_SLRCOND                                  (abs)        000F1E
_SLRCONE                                  (abs)        000F26
_SYSTEM_Initialize                        text4        0102A6
_TRISA                                    (abs)        000F87
_TRISB                                    (abs)        000F88
_TRISC                                    (abs)        000F89
_TRISD                                    (abs)        000F8A
_TRISE                                    (abs)        000F8B
_UserInterruptHandler                     text17       010138
_WPUA                                     (abs)        000F0B
_WPUB                                     (abs)        000F13
_WPUC                                     (abs)        000F1B
_WPUD                                     (abs)        000F20
_WPUE                                     (abs)        000F28
_WaveGenerator                            text1        0100BE
_WaveSwitch                               text2        01024C
__HRAM                                    (abs)        000000
__Habs1                                   abs1         000000
__Hbank0                                  bank0        000000
__Hbank1                                  bank1        000000
__Hbank10                                 bank10       000000
__Hbank11                                 bank11       000000
__Hbank12                                 bank12       000000
__Hbank13                                 bank13       000000
__Hbank14                                 bank14       000000
__Hbank2                                  bank2        000000
__Hbank3                                  bank3        000000
__Hbank4                                  bank4        000000
__Hbank5                                  bank5        000000
__Hbank6                                  bank6        000000
__Hbank7                                  bank7        000000
__Hbank8                                  bank8        000000
__Hbank9                                  bank9        000000
__Hbigbss                                 bigbss       000000
__Hbigdata                                bigdata      000000
__Hbigram                                 bigram       000000
__Hbss                                    bss          000000
__HbssCOMRAM                              bssCOMRAM    000000
__Hcinit                                  cinit        000000
__Hclrtext                                clrtext      000000
__Hcomram                                 comram       000000
__Hconfig                                 config       30000C
__Hconst                                  const        000000
__HcstackCOMRAM                           cstackCOMRAM 000000
__Hdata                                   data         000000
__HdataCOMRAM                             dataCOMRAM   000000
__Heeprom_data                            eeprom_data  000000
__Hfarbss                                 farbss       000000
__Hfardata                                fardata      000000
__Hibigdata                               ibigdata     000000
__Hidata                                  idata        000000
__HidataCOMRAM                            idataCOMRAM  000000
__Hidloc                                  idloc        200100
__Hifardata                               ifardata     000000
__Hinit                                   init         000052
__Hintcode                                intcode      00004E
__Hintcode_body                           intcode_body 000000
__Hintcodelo                              intcodelo    00004E
__Hintentry                               intentry     000000
__Hintret                                 intret       000000
__Hintsave_regs                           intsave_regs 000000
__Hirdata                                 irdata       000000
__Hmediumconst                            mediumconst  010000
__HnvCOMRAM                               nvCOMRAM     000000
__HnvFARRAM                               nvFARRAM     000000
__Hnvbit                                  nvbit        000000
__Hnvrram                                 nvrram       000000
__Hparam                                  rparam       000000
__Hpowerup                                powerup      00004E
__Hram                                    ram          000000
__Hramtop                                 ramtop       000F00
__Hrbit                                   rbit         000000
__Hrbss                                   rbss         000000
__Hrdata                                  rdata        000000
__Hreset_vec                              reset_vec    000004
__Hrparam                                 rparam       000000
__Hsfr                                    sfr          000000
__Hsmallconst                             smallconst   000000
__Hspace_0                                (abs)        010314
__Hspace_1                                (abs)        000027
__Hspace_2                                (abs)        000000
__Hspace_4                                (abs)        60000C
__Hstack                                  stack        000000
__Hstruct                                 struct       000000
__Htemp                                   temp         000027
__Htext                                   text         000000
__Htext0                                  text0        000000
__Htext1                                  text1        000000
__Htext10                                 text10       000000
__Htext11                                 text11       000000
__Htext12                                 text12       000000
__Htext14                                 text14       000000
__Htext15                                 text15       000000
__Htext16                                 text16       000000
__Htext17                                 text17       000000
__Htext18                                 text18       000000
__Htext2                                  text2        000000
__Htext3                                  text3        000000
__Htext4                                  text4        000000
__Htext5                                  text5        000000
__Htext6                                  text6        000000
__Htext7                                  text7        000000
__Htext8                                  text8        000000
__Htext9                                  text9        000000
__LRAM                                    (abs)        000001
__Labs1                                   abs1         000000
__Lbank0                                  bank0        000000
__Lbank1                                  bank1        000000
__Lbank10                                 bank10       000000
__Lbank11                                 bank11       000000
__Lbank12                                 bank12       000000
__Lbank13                                 bank13       000000
__Lbank14                                 bank14       000000
__Lbank2                                  bank2        000000
__Lbank3                                  bank3        000000
__Lbank4                                  bank4        000000
__Lbank5                                  bank5        000000
__Lbank6                                  bank6        000000
__Lbank7                                  bank7        000000
__Lbank8                                  bank8        000000
__Lbank9                                  bank9        000000
__Lbigbss                                 bigbss       000000
__Lbigdata                                bigdata      000000
__Lbigram                                 bigram       000000
__Lbss                                    bss          000000
__LbssCOMRAM                              bssCOMRAM    000000
__Lcinit                                  cinit        000000
__Lclrtext                                clrtext      000000
__Lcomram                                 comram       000000
__Lconfig                                 config       000000
__Lconst                                  const        000000
__LcstackCOMRAM                           cstackCOMRAM 000000
__Ldata                                   data         000000
__LdataCOMRAM                             dataCOMRAM   000000
__Leeprom_data                            eeprom_data  000000
__Lfarbss                                 farbss       000000
__Lfardata                                fardata      000000
__Libigdata                               ibigdata     000000
__Lidata                                  idata        000000
__LidataCOMRAM                            idataCOMRAM  000000
__Lidloc                                  idloc        000000
__Lifardata                               ifardata     000000
__Linit                                   init         00004E
__Lintcode                                intcode      000008
__Lintcode_body                           intcode_body 000000
__Lintcodelo                              intcodelo    00004E
__Lintentry                               intentry     000000
__Lintret                                 intret       000000
__Lintsave_regs                           intsave_regs 000000
__Lirdata                                 irdata       000000
__Lmediumconst                            mediumconst  00FBF8
__LnvCOMRAM                               nvCOMRAM     000000
__LnvFARRAM                               nvFARRAM     000000
__Lnvbit                                  nvbit        000000
__Lnvrram                                 nvrram       000000
__Lparam                                  rparam       000000
__Lpowerup                                powerup      00004E
__Lram                                    ram          000000
__Lramtop                                 ramtop       000F00
__Lrbit                                   rbit         000000
__Lrbss                                   rbss         000000
__Lrdata                                  rdata        000000
__Lreset_vec                              reset_vec    000000
__Lrparam                                 rparam       000000
__Lsfr                                    sfr          000000
__Lsmallconst                             smallconst   000000
__Lspace_0                                (abs)        000000
__Lspace_1                                (abs)        000000
__Lspace_2                                (abs)        000000
__Lspace_4                                (abs)        000000
__Lstack                                  stack        000000
__Lstruct                                 struct       000000
__Ltemp                                   temp         000026
__Ltext                                   text         000000
__Ltext0                                  text0        000000
__Ltext1                                  text1        000000
__Ltext10                                 text10       000000
__Ltext11                                 text11       000000
__Ltext12                                 text12       000000
__Ltext14                                 text14       000000
__Ltext15                                 text15       000000
__Ltext16                                 text16       000000
__Ltext17                                 text17       000000
__Ltext18                                 text18       000000
__Ltext2                                  text2        000000
__Ltext3                                  text3        000000
__Ltext4                                  text4        000000
__Ltext5                                  text5        000000
__Ltext6                                  text6        000000
__Ltext7                                  text7        000000
__Ltext8                                  text8        000000
__Ltext9                                  text9        000000
__S0                                      (abs)        010314
__S1                                      (abs)        000027
__S2                                      (abs)        000000
__S4                                      (abs)        000000
__S5                                      (abs)        000000
___inthi_sp                               stack        000000
___intlo_sp                               stack        000000
___param_bank                             (abs)        000000
___rparam_used                            (abs)        000001
___sp                                     stack        000000
__accesstop                               (abs)        000060
__activetblptr                            (abs)        000003
__end_of_CLOCK_Initialize                 text12       010290
__end_of_DAC1_Initialize                  text11       01030A
__end_of_DAC1_SetOutput                   text3        010312
__end_of_INT0_SetInterruptHandler         text10       0102FE
__end_of_INT1_SetInterruptHandler         text9        0102F0
__end_of_INT2_SetInterruptHandler         text8        0102E2
__end_of_INTERRUPT_Initialize             text7        0101C6
__end_of_INTERRUPT_InterruptManager       intcode      00004E
__end_of_PIN_MANAGER_IOC                  text14       0102A6
__end_of_PIN_MANAGER_Initialize           text5        0100BE
__end_of_RC2_DefaultInterruptHandler      text16       010314
__end_of_RC2_ISR                          text15       0101FA
__end_of_RC2_SetInterruptHandler          text6        0102D4
__end_of_SYSTEM_Initialize                text4        0102B8
__end_of_UserInterruptHandler             text17       010180
__end_of_WaveGenerator                    text1        010138
__end_of_WaveSwitch                       text2        010270
__end_of__initialization                  cinit        01021E
__end_of_defaultLUT                       mediumconst  00FFFB
__end_of_main                             text0        01024C
__end_of_sawtoothLUT                      mediumconst  00FCF9
__end_of_setRefVol1                       mediumconst  00FFFF
__end_of_setRefVol2                       mediumconst  00FFFD
__end_of_sineLUT                          mediumconst  00FFF9
__end_of_squareLUT                        mediumconst  00FEF9
__end_of_triangleLUT                      mediumconst  00FDF9
__initialization                          cinit        0101FA
__mediumconst                             mediumconst  00FBF8
__pbssCOMRAM                              bssCOMRAM    000024
__pcinit                                  cinit        0101FA
__pcstackCOMRAM                           cstackCOMRAM 00001D
__pdataCOMRAM                             dataCOMRAM   00000F
__pidataCOMRAM                            idataCOMRAM  0102B8
__pintcode                                intcode      000008
__pmediumconst                            mediumconst  00FBF8
__pnvCOMRAM                               nvCOMRAM     000001
__ptext0                                  text0        010228
__ptext1                                  text1        0100BE
__ptext10                                 text10       0102F0
__ptext11                                 text11       0102FE
__ptext12                                 text12       010270
__ptext14                                 text14       010290
__ptext15                                 text15       0101C6
__ptext16                                 text16       010312
__ptext17                                 text17       010138
__ptext18                                 text18       000000
__ptext2                                  text2        01024C
__ptext3                                  text3        01030A
__ptext4                                  text4        0102A6
__ptext5                                  text5        010000
__ptext6                                  text6        0102C6
__ptext7                                  text7        010180
__ptext8                                  text8        0102D4
__ptext9                                  text9        0102E2
__ramtop                                  ramtop       000F00
__size_of_CLOCK_Initialize                (abs)        000000
__size_of_DAC1_Initialize                 (abs)        000000
__size_of_DAC1_SetOutput                  (abs)        000000
__size_of_INT0_SetInterruptHandler        (abs)        000000
__size_of_INT1_SetInterruptHandler        (abs)        000000
__size_of_INT2_SetInterruptHandler        (abs)        000000
__size_of_INTERRUPT_Initialize            (abs)        000000
__size_of_INTERRUPT_InterruptManager      (abs)        000000
__size_of_PIN_MANAGER_IOC                 (abs)        000000
__size_of_PIN_MANAGER_Initialize          (abs)        000000
__size_of_RC2_DefaultInterruptHandler     (abs)        000000
__size_of_RC2_ISR                         (abs)        000000
__size_of_RC2_SetInterruptHandler         (abs)        000000
__size_of_SYSTEM_Initialize               (abs)        000000
__size_of_UserInterruptHandler            (abs)        000000
__size_of_WaveGenerator                   (abs)        000000
__size_of_WaveSwitch                      (abs)        000000
__size_of_main                            (abs)        000000
__smallconst                              smallconst   000000
_defaultLUT                               mediumconst  00FFF9
_main                                     text0        010228
_sawtoothLUT                              mediumconst  00FBF9
_setRefVol1                               mediumconst  00FFFD
_setRefVol2                               mediumconst  00FFFB
_signals                                  dataCOMRAM   00000F
_sineLUT                                  mediumconst  00FEF9
_squareLUT                                mediumconst  00FDF9
_swcnt                                    bssCOMRAM    000024
_triangleLUT                              mediumconst  00FCF9
btemp                                     temp         000026
end_of_initialization                     cinit        01021E
int$flags                                 temp         000026
intlevel0                                 text         000000
intlevel1                                 text         000000
intlevel2                                 text         000000
intlevel3                                 text         000000
stackhi                                   (abs)        000E1E
stacklo                                   (abs)        000060
start                                     init         00004E
start_initialization                      cinit        0101FA
ttemp5                                    temp         000027
ttemp6                                    temp         00002A
ttemp7                                    temp         00002E
wtemp8                                    temp         000027


FUNCTION INFORMATION:

 *************** function _main *****************
 Defined at:
		line 40 in file "main.c"
 Parameters:    Size  Location     Type
		None
 Auto vars:     Size  Location     Type
		None
 Return value:  Size  Location     Type
                  2   14[None  ] int 
 Registers used:
		wreg, fsr2l, fsr2h, status,2, status,0, tblptrl, tblptrh, tblptru, cstack
 Tracked objects:
		On entry : 
		On exit  : 
		Unchanged: 
 Data sizes:     COMRAM   BANK0   BANK1   BANK2   BANK3   BANK4   BANK5   BANK6   BANK7   BANK8   BANK9  BANK10  BANK11  BANK12  BANK13  BANK14
      Params:         0       0       0       0       0       0       0       0       0       0       0       0       0       0       0       0
      Locals:         0       0       0       0       0       0       0       0       0       0       0       0       0       0       0       0
      Temps:          0       0       0       0       0       0       0       0       0       0       0       0       0       0       0       0
      Totals:         0       0       0       0       0       0       0       0       0       0       0       0       0       0       0       0
Total ram usage:        0 bytes
 Hardware stack levels required when called:    7
 This function calls:
		_RC2_SetInterruptHandler
		_SYSTEM_Initialize
		_WaveGenerator
 This function is called by:
		Startup code after reset
 This function uses a non-reentrant model


 *************** function _WaveGenerator *****************
 Defined at:
		line 132 in file "dac_application.c"
 Parameters:    Size  Location     Type
		None
 Auto vars:     Size  Location     Type
  i               2    5[COMRAM] unsigned short 
 Return value:  Size  Location     Type
                  1    wreg      void 
 Registers used:
		wreg, fsr2l, fsr2h, status,2, status,0, tblptrl, tblptrh, tblptru, cstack
 Tracked objects:
		On entry : 
		On exit  : 
		Unchanged: 
 Data sizes:     COMRAM   BANK0   BANK1   BANK2   BANK3   BANK4   BANK5   BANK6   BANK7   BANK8   BANK9  BANK10  BANK11  BANK12  BANK13  BANK14
      Params:         0       0       0       0       0       0       0       0       0       0       0       0       0       0       0       0
      Locals:         2       0       0       0       0       0       0       0       0       0       0       0       0       0       0       0
      Temps:          0       0       0       0       0       0       0       0       0       0       0       0       0       0       0       0
      Totals:         2       0       0       0       0       0       0       0       0       0       0       0       0       0       0       0
Total ram usage:        2 bytes
 Hardware stack levels used:    1
 Hardware stack levels required when called:    5
 This function calls:
		_DAC1_SetOutput
		_WaveSwitch
 This function is called by:
		_main
 This function uses a non-reentrant model


 *************** function _WaveSwitch *****************
 Defined at:
		line 152 in file "dac_application.c"
 Parameters:    Size  Location     Type
  sw              2    3[COMRAM] unsigned short 
 Auto vars:     Size  Location     Type
		None
 Return value:  Size  Location     Type
                  1    wreg      void 
 Registers used:
		wreg, fsr2l, fsr2h, status,2, status,0
 Tracked objects:
		On entry : 
		On exit  : 
		Unchanged: 
 Data sizes:     COMRAM   BANK0   BANK1   BANK2   BANK3   BANK4   BANK5   BANK6   BANK7   BANK8   BANK9  BANK10  BANK11  BANK12  BANK13  BANK14
      Params:         2       0       0       0       0       0       0       0       0       0       0       0       0       0       0       0
      Locals:         0       0       0       0       0       0       0       0       0       0       0       0       0       0       0       0
      Temps:          0       0       0       0       0       0       0       0       0       0       0       0       0       0       0       0
      Totals:         2       0       0       0       0       0       0       0       0       0       0       0       0       0       0       0
Total ram usage:        2 bytes
 Hardware stack levels used:    1
 Hardware stack levels required when called:    4
 This function calls:
		Nothing
 This function is called by:
		_WaveGenerator
 This function uses a non-reentrant model


 *************** function _DAC1_SetOutput *****************
 Defined at:
		line 76 in file "mcc_generated_files/dac/src/dac1.c"
 Parameters:    Size  Location     Type
  inputData       1    wreg     unsigned char 
 Auto vars:     Size  Location     Type
  inputData       1    3[COMRAM] unsigned char 
 Return value:  Size  Location     Type
                  1    wreg      void 
 Registers used:
		wreg
 Tracked objects:
		On entry : 
		On exit  : 
		Unchanged: 
 Data sizes:     COMRAM   BANK0   BANK1   BANK2   BANK3   BANK4   BANK5   BANK6   BANK7   BANK8   BANK9  BANK10  BANK11  BANK12  BANK13  BANK14
      Params:         0       0       0       0       0       0       0       0       0       0       0       0       0       0       0       0
      Locals:         1       0       0       0       0       0       0       0       0       0       0       0       0       0       0       0
      Temps:          0       0       0       0       0       0       0       0       0       0       0       0       0       0       0       0
      Totals:         1       0       0       0       0       0       0       0       0       0       0       0       0       0       0       0
Total ram usage:        1 bytes
 Hardware stack levels used:    1
 Hardware stack levels required when called:    4
 This function calls:
		Nothing
 This function is called by:
		_WaveGenerator
 This function uses a non-reentrant model


 *************** function _SYSTEM_Initialize *****************
 Defined at:
		line 62 in file "mcc_generated_files/system/src/system.c"
 Parameters:    Size  Location     Type
		None
 Auto vars:     Size  Location     Type
		None
 Return value:  Size  Location     Type
                  1    wreg      void 
 Registers used:
		wreg, status,2, status,0, cstack
 Tracked objects:
		On entry : 
		On exit  : 
		Unchanged: 
 Data sizes:     COMRAM   BANK0   BANK1   BANK2   BANK3   BANK4   BANK5   BANK6   BANK7   BANK8   BANK9  BANK10  BANK11  BANK12  BANK13  BANK14
      Params:         0       0       0       0       0       0       0       0       0       0       0       0       0       0       0       0
      Locals:         0       0       0       0       0       0       0       0       0       0       0       0       0       0       0       0
      Temps:          0       0       0       0       0       0       0       0       0       0       0       0       0       0       0       0
      Totals:         0       0       0       0       0       0       0       0       0       0       0       0       0       0       0       0
Total ram usage:        0 bytes
 Hardware stack levels used:    1
 Hardware stack levels required when called:    6
 This function calls:
		_CLOCK_Initialize
		_DAC1_Initialize
		_INTERRUPT_Initialize
		_PIN_MANAGER_Initialize
 This function is called by:
		_main
 This function uses a non-reentrant model


 *************** function _PIN_MANAGER_Initialize *****************
 Defined at:
		line 48 in file "mcc_generated_files/system/src/pins.c"
 Parameters:    Size  Location     Type
		None
 Auto vars:     Size  Location     Type
		None
 Return value:  Size  Location     Type
                  1    wreg      void 
 Registers used:
		wreg, status,2, status,0, cstack
 Tracked objects:
		On entry : 
		On exit  : 
		Unchanged: 
 Data sizes:     COMRAM   BANK0   BANK1   BANK2   BANK3   BANK4   BANK5   BANK6   BANK7   BANK8   BANK9  BANK10  BANK11  BANK12  BANK13  BANK14
      Params:         0       0       0       0       0       0       0       0       0       0       0       0       0       0       0       0
      Locals:         0       0       0       0       0       0       0       0       0       0       0       0       0       0       0       0
      Temps:          0       0       0       0       0       0       0       0       0       0       0       0       0       0       0       0
      Totals:         0       0       0       0       0       0       0       0       0       0       0       0       0       0       0       0
Total ram usage:        0 bytes
 Hardware stack levels used:    1
 Hardware stack levels required when called:    5
 This function calls:
		_RC2_SetInterruptHandler
 This function is called by:
		_SYSTEM_Initialize
 This function uses a non-reentrant model


 *************** function _RC2_SetInterruptHandler *****************
 Defined at:
		line 165 in file "mcc_generated_files/system/src/pins.c"
 Parameters:    Size  Location     Type
  InterruptHan    3    3[COMRAM] PTR FTN()void 
		 -> RC2_DefaultInterruptHandler(1), UserInterruptHandler(1), 
 Auto vars:     Size  Location     Type
		None
 Return value:  Size  Location     Type
                  1    wreg      void 
 Registers used:
		wreg, status,2, status,0
 Tracked objects:
		On entry : 
		On exit  : 
		Unchanged: 
 Data sizes:     COMRAM   BANK0   BANK1   BANK2   BANK3   BANK4   BANK5   BANK6   BANK7   BANK8   BANK9  BANK10  BANK11  BANK12  BANK13  BANK14
      Params:         3       0       0       0       0       0       0       0       0       0       0       0       0       0       0       0
      Locals:         0       0       0       0       0       0       0       0       0       0       0       0       0       0       0       0
      Temps:          0       0       0       0       0       0       0       0       0       0       0       0       0       0       0       0
      Totals:         3       0       0       0       0       0       0       0       0       0       0       0       0       0       0       0
Total ram usage:        3 bytes
 Hardware stack levels used:    1
 Hardware stack levels required when called:    4
 This function calls:
		Nothing
 This function is called by:
		_main
		_PIN_MANAGER_Initialize
 This function uses a non-reentrant model


 *************** function _INTERRUPT_Initialize *****************
 Defined at:
		line 65 in file "mcc_generated_files/system/src/interrupt.c"
 Parameters:    Size  Location     Type
		None
 Auto vars:     Size  Location     Type
		None
 Return value:  Size  Location     Type
                  1    wreg      void 
 Registers used:
		wreg, status,2, status,0, cstack
 Tracked objects:
		On entry : 
		On exit  : 
		Unchanged: 
 Data sizes:     COMRAM   BANK0   BANK1   BANK2   BANK3   BANK4   BANK5   BANK6   BANK7   BANK8   BANK9  BANK10  BANK11  BANK12  BANK13  BANK14
      Params:         0       0       0       0       0       0       0       0       0       0       0       0       0       0       0       0
      Locals:         0       0       0       0       0       0       0       0       0       0       0       0       0       0       0       0
      Temps:          0       0       0       0       0       0       0       0       0       0       0       0       0       0       0       0
      Totals:         0       0       0       0       0       0       0       0       0       0       0       0       0       0       0       0
Total ram usage:        0 bytes
 Hardware stack levels used:    1
 Hardware stack levels required when called:    5
 This function calls:
		_INT0_SetInterruptHandler
		_INT1_SetInterruptHandler
		_INT2_SetInterruptHandler
 This function is called by:
		_SYSTEM_Initialize
 This function uses a non-reentrant model


 *************** function _INT2_SetInterruptHandler *****************
 Defined at:
		line 186 in file "mcc_generated_files/system/src/interrupt.c"
 Parameters:    Size  Location     Type
  InterruptHan    3    3[COMRAM] PTR FTN()void 
		 -> INT2_DefaultInterruptHandler(1), 
 Auto vars:     Size  Location     Type
		None
 Return value:  Size  Location     Type
                  1    wreg      void 
 Registers used:
		wreg, status,2, status,0
 Tracked objects:
		On entry : 
		On exit  : 
		Unchanged: 
 Data sizes:     COMRAM   BANK0   BANK1   BANK2   BANK3   BANK4   BANK5   BANK6   BANK7   BANK8   BANK9  BANK10  BANK11  BANK12  BANK13  BANK14
      Params:         3       0       0       0       0       0       0       0       0       0       0       0       0       0       0       0
      Locals:         0       0       0       0       0       0       0       0       0       0       0       0       0       0       0       0
      Temps:          0       0       0       0       0       0       0       0       0       0       0       0       0       0       0       0
      Totals:         3       0       0       0       0       0       0       0       0       0       0       0       0       0       0       0
Total ram usage:        3 bytes
 Hardware stack levels used:    1
 Hardware stack levels required when called:    4
 This function calls:
		Nothing
 This function is called by:
		_INTERRUPT_Initialize
 This function uses a non-reentrant model


 *************** function _INT1_SetInterruptHandler *****************
 Defined at:
		line 160 in file "mcc_generated_files/system/src/interrupt.c"
 Parameters:    Size  Location     Type
  InterruptHan    3    3[COMRAM] PTR FTN()void 
		 -> INT1_DefaultInterruptHandler(1), 
 Auto vars:     Size  Location     Type
		None
 Return value:  Size  Location     Type
                  1    wreg      void 
 Registers used:
		wreg, status,2, status,0
 Tracked objects:
		On entry : 
		On exit  : 
		Unchanged: 
 Data sizes:     COMRAM   BANK0   BANK1   BANK2   BANK3   BANK4   BANK5   BANK6   BANK7   BANK8   BANK9  BANK10  BANK11  BANK12  BANK13  BANK14
      Params:         3       0       0       0       0       0       0       0       0       0       0       0       0       0       0       0
      Locals:         0       0       0       0       0       0       0       0       0       0       0       0       0       0       0       0
      Temps:          0       0       0       0       0       0       0       0       0       0       0       0       0       0       0       0
      Totals:         3       0       0       0       0       0       0       0       0       0       0       0       0       0       0       0
Total ram usage:        3 bytes
 Hardware stack levels used:    1
 Hardware stack levels required when called:    4
 This function calls:
		Nothing
 This function is called by:
		_INTERRUPT_Initialize
 This function uses a non-reentrant model


 *************** function _INT0_SetInterruptHandler *****************
 Defined at:
		line 134 in file "mcc_generated_files/system/src/interrupt.c"
 Parameters:    Size  Location     Type
  InterruptHan    3    3[COMRAM] PTR FTN()void 
		 -> INT0_DefaultInterruptHandler(1), 
 Auto vars:     Size  Location     Type
		None
 Return value:  Size  Location     Type
                  1    wreg      void 
 Registers used:
		wreg, status,2, status,0
 Tracked objects:
		On entry : 
		On exit  : 
		Unchanged: 
 Data sizes:     COMRAM   BANK0   BANK1   BANK2   BANK3   BANK4   BANK5   BANK6   BANK7   BANK8   BANK9  BANK10  BANK11  BANK12  BANK13  BANK14
      Params:         3       0       0       0       0       0       0       0       0       0       0       0       0       0       0       0
      Locals:         0       0       0       0       0       0       0       0       0       0       0       0       0       0       0       0
      Temps:          0       0       0       0       0       0       0       0       0       0       0       0       0       0       0       0
      Totals:         3       0       0       0       0       0       0       0       0       0       0       0       0       0       0       0
Total ram usage:        3 bytes
 Hardware stack levels used:    1
 Hardware stack levels required when called:    4
 This function calls:
		Nothing
 This function is called by:
		_INTERRUPT_Initialize
 This function uses a non-reentrant model


 *************** function _DAC1_Initialize *****************
 Defined at:
		line 66 in file "mcc_generated_files/dac/src/dac1.c"
 Parameters:    Size  Location     Type
		None
 Auto vars:     Size  Location     Type
		None
 Return value:  Size  Location     Type
                  1    wreg      void 
 Registers used:
		wreg, status,2
 Tracked objects:
		On entry : 
		On exit  : 
		Unchanged: 
 Data sizes:     COMRAM   BANK0   BANK1   BANK2   BANK3   BANK4   BANK5   BANK6   BANK7   BANK8   BANK9  BANK10  BANK11  BANK12  BANK13  BANK14
      Params:         0       0       0       0       0       0       0       0       0       0       0       0       0       0       0       0
      Locals:         0       0       0       0       0       0       0       0       0       0       0       0       0       0       0       0
      Temps:          0       0       0       0       0       0       0       0       0       0       0       0       0       0       0       0
      Totals:         0       0       0       0       0       0       0       0       0       0       0       0       0       0       0       0
Total ram usage:        0 bytes
 Hardware stack levels used:    1
 Hardware stack levels required when called:    4
 This function calls:
		Nothing
 This function is called by:
		_SYSTEM_Initialize
 This function uses a non-reentrant model


 *************** function _CLOCK_Initialize *****************
 Defined at:
		line 59 in file "mcc_generated_files/system/src/clock.c"
 Parameters:    Size  Location     Type
		None
 Auto vars:     Size  Location     Type
		None
 Return value:  Size  Location     Type
                  1    wreg      void 
 Registers used:
		wreg, status,2
 Tracked objects:
		On entry : 
		On exit  : 
		Unchanged: 
 Data sizes:     COMRAM   BANK0   BANK1   BANK2   BANK3   BANK4   BANK5   BANK6   BANK7   BANK8   BANK9  BANK10  BANK11  BANK12  BANK13  BANK14
      Params:         0       0       0       0       0       0       0       0       0       0       0       0       0       0       0       0
      Locals:         0       0       0       0       0       0       0       0       0       0       0       0       0       0       0       0
      Temps:          0       0       0       0       0       0       0       0       0       0       0       0       0       0       0       0
      Totals:         0       0       0       0       0       0       0       0       0       0       0       0       0       0       0       0
Total ram usage:        0 bytes
 Hardware stack levels used:    1
 Hardware stack levels required when called:    4
 This function calls:
		Nothing
 This function is called by:
		_SYSTEM_Initialize
 This function uses a non-reentrant model


 *************** function _INTERRUPT_InterruptManager *****************
 Defined at:
		line 96 in file "mcc_generated_files/system/src/interrupt.c"
 Parameters:    Size  Location     Type
		None
 Auto vars:     Size  Location     Type
		None
 Return value:  Size  Location     Type
                  1    wreg      void 
 Registers used:
		wreg, status,2, status,0, pclath, tosl, cstack
 Tracked objects:
		On entry : 
		On exit  : 
		Unchanged: 
 Data sizes:     COMRAM   BANK0   BANK1   BANK2   BANK3   BANK4   BANK5   BANK6   BANK7   BANK8   BANK9  BANK10  BANK11  BANK12  BANK13  BANK14
      Params:         0       0       0       0       0       0       0       0       0       0       0       0       0       0       0       0
      Locals:         0       0       0       0       0       0       0       0       0       0       0       0       0       0       0       0
      Temps:          2       0       0       0       0       0       0       0       0       0       0       0       0       0       0       0
      Totals:         2       0       0       0       0       0       0       0       0       0       0       0       0       0       0       0
Total ram usage:        2 bytes
 Hardware stack levels used:    1
 Hardware stack levels required when called:    3
 This function calls:
		_PIN_MANAGER_IOC
 This function is called by:
		Interrupt level 2
 This function uses a non-reentrant model


 *************** function _PIN_MANAGER_IOC *****************
 Defined at:
		line 138 in file "mcc_generated_files/system/src/pins.c"
 Parameters:    Size  Location     Type
		None
 Auto vars:     Size  Location     Type
		None
 Return value:  Size  Location     Type
                  1    wreg      void 
 Registers used:
		wreg, status,2, status,0, pclath, tosl, cstack
 Tracked objects:
		On entry : 
		On exit  : 
		Unchanged: 
 Data sizes:     COMRAM   BANK0   BANK1   BANK2   BANK3   BANK4   BANK5   BANK6   BANK7   BANK8   BANK9  BANK10  BANK11  BANK12  BANK13  BANK14
      Params:         0       0       0       0       0       0       0       0       0       0       0       0       0       0       0       0
      Locals:         0       0       0       0       0       0       0       0       0       0       0       0       0       0       0       0
      Temps:          0       0       0       0       0       0       0       0       0       0       0       0       0       0       0       0
      Totals:         0       0       0       0       0       0       0       0       0       0       0       0       0       0       0       0
Total ram usage:        0 bytes
 Hardware stack levels used:    1
 Hardware stack levels required when called:    2
 This function calls:
		_RC2_ISR
 This function is called by:
		_INTERRUPT_InterruptManager
 This function uses a non-reentrant model


 *************** function _RC2_ISR *****************
 Defined at:
		line 150 in file "mcc_generated_files/system/src/pins.c"
 Parameters:    Size  Location     Type
		None
 Auto vars:     Size  Location     Type
		None
 Return value:  Size  Location     Type
                  1    wreg      void 
 Registers used:
		wreg, status,2, status,0, pclath, tosl, cstack
 Tracked objects:
		On entry : 
		On exit  : 
		Unchanged: 
 Data sizes:     COMRAM   BANK0   BANK1   BANK2   BANK3   BANK4   BANK5   BANK6   BANK7   BANK8   BANK9  BANK10  BANK11  BANK12  BANK13  BANK14
      Params:         0       0       0       0       0       0       0       0       0       0       0       0       0       0       0       0
      Locals:         0       0       0       0       0       0       0       0       0       0       0       0       0       0       0       0
      Temps:          0       0       0       0       0       0       0       0       0       0       0       0       0       0       0       0
      Totals:         0       0       0       0       0       0       0       0       0       0       0       0       0       0       0       0
Total ram usage:        0 bytes
 Hardware stack levels used:    1
 Hardware stack levels required when called:    1
 This function calls:
		Absolute function
		_RC2_DefaultInterruptHandler
		_UserInterruptHandler
 This function is called by:
		_PIN_MANAGER_IOC
 This function uses a non-reentrant model


 *************** function _RC2_DefaultInterruptHandler *****************
 Defined at:
		line 172 in file "mcc_generated_files/system/src/pins.c"
 Parameters:    Size  Location     Type
		None
 Auto vars:     Size  Location     Type
		None
 Return value:  Size  Location     Type
                  1    wreg      void 
 Registers used:
		None
 Tracked objects:
		On entry : 
		On exit  : 
		Unchanged: 
 Data sizes:     COMRAM   BANK0   BANK1   BANK2   BANK3   BANK4   BANK5   BANK6   BANK7   BANK8   BANK9  BANK10  BANK11  BANK12  BANK13  BANK14
      Params:         0       0       0       0       0       0       0       0       0       0       0       0       0       0       0       0
      Locals:         0       0       0       0       0       0       0       0       0       0       0       0       0       0       0       0
      Temps:          0       0       0       0       0       0       0       0       0       0       0       0       0       0       0       0
      Totals:         0       0       0       0       0       0       0       0       0       0       0       0       0       0       0       0
Total ram usage:        0 bytes
 Hardware stack levels used:    1
 This function calls:
		Nothing
 This function is called by:
		_PIN_MANAGER_Initialize
		_RC2_ISR
 This function uses a non-reentrant model


 *************** function _UserInterruptHandler *****************
 Defined at:
		line 158 in file "dac_application.c"
 Parameters:    Size  Location     Type
		None
 Auto vars:     Size  Location     Type
		None
 Return value:  Size  Location     Type
                  1    wreg      void 
 Registers used:
		wreg, status,2, status,0
 Tracked objects:
		On entry : 
		On exit  : 
		Unchanged: 
 Data sizes:     COMRAM   BANK0   BANK1   BANK2   BANK3   BANK4   BANK5   BANK6   BANK7   BANK8   BANK9  BANK10  BANK11  BANK12  BANK13  BANK14
      Params:         0       0       0       0       0       0       0       0       0       0       0       0       0       0       0       0
      Locals:         0       0       0       0       0       0       0       0       0       0       0       0       0       0       0       0
      Temps:          1       0       0       0       0       0       0       0       0       0       0       0       0       0       0       0
      Totals:         1       0       0       0       0       0       0       0       0       0       0       0       0       0       0       0
Total ram usage:        1 bytes
 Hardware stack levels used:    1
 This function calls:
		Nothing
 This function is called by:
		_main
		_RC2_ISR
 This function uses a non-reentrant model



MODULE INFORMATION

Module		Function		Class		Link	Load	Size
mcc_generated_files/system/src/interrupt.c
		_INT0_SetInterruptHandler		CODE           	102F0	0000	14
		_INT1_SetInterruptHandler		CODE           	102E2	0000	14
		_INT2_SetInterruptHandler		CODE           	102D4	0000	14
		_INTERRUPT_Initialize		CODE           	10180	0000	70
		_INTERRUPT_InterruptManager		CODE           	0008	0000	70

mcc_generated_files/system/src/interrupt.c estimated size: 182

mcc_generated_files/system/src/pins.c
		_PIN_MANAGER_Initialize		CODE           	10000	0000	190
		_RC2_ISR       		CODE           	101C6	0000	52
		_RC2_DefaultInterruptHandler		CODE           	10312	0000	2
		_PIN_MANAGER_IOC		CODE           	10290	0000	22
		_RC2_SetInterruptHandler		CODE           	102C6	0000	14

mcc_generated_files/system/src/pins.c estimated size: 280

mcc_generated_files/dac/src/dac1.c
		_DAC1_SetOutput		CODE           	1030A	0000	8
		_DAC1_Initialize		CODE           	102FE	0000	12

mcc_generated_files/dac/src/dac1.c estimated size: 20

shared
		_sineLUT       		MEDIUMCONST    	FEF9	0000	256
		_defaultLUT    		MEDIUMCONST    	FFF9	0000	2
		_setRefVol1    		MEDIUMCONST    	FFFD	0000	2
		_setRefVol2    		MEDIUMCONST    	FFFB	0000	2
		_triangleLUT   		MEDIUMCONST    	FCF9	0000	256
		__initialization		CODE           	101FA	0000	36
		_sawtoothLUT   		MEDIUMCONST    	FBF9	0000	256
		_squareLUT     		MEDIUMCONST    	FDF9	0000	256

shared estimated size: 1066

mcc_generated_files/system/src/clock.c
		_CLOCK_Initialize		CODE           	10270	0000	32

mcc_generated_files/system/src/clock.c estimated size: 32

main.c
		_main          		CODE           	10228	0000	36

main.c estimated size: 36

dac_application.c
		_WaveSwitch    		CODE           	1024C	0000	36
		_UserInterruptHandler		CODE           	10138	0000	72
		_WaveGenerator 		CODE           	100BE	0000	122

dac_application.c estimated size: 230

mcc_generated_files/system/src/system.c
		_SYSTEM_Initialize		CODE           	102A6	0000	18

mcc_generated_files/system/src/system.c estimated size: 18

